// Jest Snapshot v1, https://goo.gl/fbAQLP

exports[`Button component tests Test checkbox output (Snapshot) 1`] = `
Object {
  "asFragment": [Function],
  "baseElement": <body
    theme="dark"
  >
    <div>
      <div
        __source="[object Object]"
      >
        <div
          __self="[object Object]"
          __source="[object Object]"
          class="msg container"
          style="flex-direction: row;"
        >
          <button
            __self="[object Object]"
            __source="[object Object]"
            caption="Normal Button"
            class="msg button"
            id="button1"
          >
            Normal Button
          </button>
          <button
            __self="[object Object]"
            __source="[object Object]"
            caption="Disabled Button"
            class="msg button"
            disabled=""
            id="button2"
          >
            Disabled Button
          </button>
        </div>
        <div
          __self="[object Object]"
          __source="[object Object]"
          class="msg container"
          style="flex-direction: row;"
        >
          <button
            __self="[object Object]"
            __source="[object Object]"
            class="msg button"
            id="button3"
            style="flex-direction: column;"
          >
            Button
            <h2
              __source="[object Object]"
            >
              with content
            </h2>
          </button>
          <button
            __self="[object Object]"
            __source="[object Object]"
            class="msg button"
            id="button4"
          >
            <img
              __self="[object Object]"
              __source="[object Object]"
              class="msg image"
              src="close.svg"
            />
            Image Button
          </button>
        </div>
        <button
          __self="[object Object]"
          __source="[object Object]"
          caption="Large Button"
          class="msg button big"
          id="button5"
        >
          Large Button
        </button>
        <div
          __self="[object Object]"
          __source="[object Object]"
          class="msg container"
          style="flex-direction: row;"
        >
          <button
            __self="[object Object]"
            __source="[object Object]"
            class="msg button round"
          >
            M
          </button>
          <button
            __self="[object Object]"
            __source="[object Object]"
            class="msg button round"
          >
            <img
              __self="[object Object]"
              __source="[object Object]"
              class="msg image"
              src="close.svg"
            />
          </button>
        </div>
      </div>
    </div>
  </body>,
  "container": <div>
    <div
      __source="[object Object]"
    >
      <div
        __self="[object Object]"
        __source="[object Object]"
        class="msg container"
        style="flex-direction: row;"
      >
        <button
          __self="[object Object]"
          __source="[object Object]"
          caption="Normal Button"
          class="msg button"
          id="button1"
        >
          Normal Button
        </button>
        <button
          __self="[object Object]"
          __source="[object Object]"
          caption="Disabled Button"
          class="msg button"
          disabled=""
          id="button2"
        >
          Disabled Button
        </button>
      </div>
      <div
        __self="[object Object]"
        __source="[object Object]"
        class="msg container"
        style="flex-direction: row;"
      >
        <button
          __self="[object Object]"
          __source="[object Object]"
          class="msg button"
          id="button3"
          style="flex-direction: column;"
        >
          Button
          <h2
            __source="[object Object]"
          >
            with content
          </h2>
        </button>
        <button
          __self="[object Object]"
          __source="[object Object]"
          class="msg button"
          id="button4"
        >
          <img
            __self="[object Object]"
            __source="[object Object]"
            class="msg image"
            src="close.svg"
          />
          Image Button
        </button>
      </div>
      <button
        __self="[object Object]"
        __source="[object Object]"
        caption="Large Button"
        class="msg button big"
        id="button5"
      >
        Large Button
      </button>
      <div
        __self="[object Object]"
        __source="[object Object]"
        class="msg container"
        style="flex-direction: row;"
      >
        <button
          __self="[object Object]"
          __source="[object Object]"
          class="msg button round"
        >
          M
        </button>
        <button
          __self="[object Object]"
          __source="[object Object]"
          class="msg button round"
        >
          <img
            __self="[object Object]"
            __source="[object Object]"
            class="msg image"
            src="close.svg"
          />
        </button>
      </div>
    </div>
  </div>,
  "debug": [Function],
  "findAllByAltText": [Function],
  "findAllByDisplayValue": [Function],
  "findAllByLabelText": [Function],
  "findAllByPlaceholderText": [Function],
  "findAllByRole": [Function],
  "findAllByTestId": [Function],
  "findAllByText": [Function],
  "findAllByTitle": [Function],
  "findByAltText": [Function],
  "findByDisplayValue": [Function],
  "findByLabelText": [Function],
  "findByPlaceholderText": [Function],
  "findByRole": [Function],
  "findByTestId": [Function],
  "findByText": [Function],
  "findByTitle": [Function],
  "getAllByAltText": [Function],
  "getAllByDisplayValue": [Function],
  "getAllByLabelText": [Function],
  "getAllByPlaceholderText": [Function],
  "getAllByRole": [Function],
  "getAllByTestId": [Function],
  "getAllByText": [Function],
  "getAllByTitle": [Function],
  "getByAltText": [Function],
  "getByDisplayValue": [Function],
  "getByLabelText": [Function],
  "getByPlaceholderText": [Function],
  "getByRole": [Function],
  "getByTestId": [Function],
  "getByText": [Function],
  "getByTitle": [Function],
  "queryAllByAltText": [Function],
  "queryAllByDisplayValue": [Function],
  "queryAllByLabelText": [Function],
  "queryAllByPlaceholderText": [Function],
  "queryAllByRole": [Function],
  "queryAllByTestId": [Function],
  "queryAllByText": [Function],
  "queryAllByTitle": [Function],
  "queryByAltText": [Function],
  "queryByDisplayValue": [Function],
  "queryByLabelText": [Function],
  "queryByPlaceholderText": [Function],
  "queryByRole": [Function],
  "queryByTestId": [Function],
  "queryByText": [Function],
  "queryByTitle": [Function],
  "rerender": [Function],
  "unmount": [Function],
}
`;
