// Jest Snapshot v1, https://goo.gl/fbAQLP

exports[`Checkbox component tests Test checkbox output (Snapshot) 1`] = `
Object {
  "asFragment": [Function],
  "baseElement": <body
    theme="dark"
  >
    <div>
      <div
        __source="[object Object]"
      >
        <label
          __self="[object Object]"
          __source="[object Object]"
          class="msg checkbox unchecked"
          id="cb1"
          name="cb"
          tabindex="0"
        >
          <span
            __self="[object Object]"
            __source="[object Object]"
            class="checkMark"
          />
          Unchecked checkbox
        </label>
        <label
          __self="[object Object]"
          __source="[object Object]"
          class="msg checkbox indeterminate"
          id="cb2"
          name="cb"
          tabindex="0"
        >
          <span
            __self="[object Object]"
            __source="[object Object]"
            class="checkMark"
          />
          Indeterminate checkbox
        </label>
        <label
          __self="[object Object]"
          __source="[object Object]"
          class="msg checkbox checked"
          id="cb3"
          name="cb"
          tabindex="0"
        >
          <span
            __self="[object Object]"
            __source="[object Object]"
            class="checkMark"
          />
          Checked checkbox
        </label>
        <label
          __self="[object Object]"
          __source="[object Object]"
          class="msg checkbox indeterminate disabled"
          id="cb4"
          name="cb"
          tabindex="0"
        >
          <span
            __self="[object Object]"
            __source="[object Object]"
            class="checkMark"
          />
          Disabled checkbox
        </label>
      </div>
    </div>
  </body>,
  "container": <div>
    <div
      __source="[object Object]"
    >
      <label
        __self="[object Object]"
        __source="[object Object]"
        class="msg checkbox unchecked"
        id="cb1"
        name="cb"
        tabindex="0"
      >
        <span
          __self="[object Object]"
          __source="[object Object]"
          class="checkMark"
        />
        Unchecked checkbox
      </label>
      <label
        __self="[object Object]"
        __source="[object Object]"
        class="msg checkbox indeterminate"
        id="cb2"
        name="cb"
        tabindex="0"
      >
        <span
          __self="[object Object]"
          __source="[object Object]"
          class="checkMark"
        />
        Indeterminate checkbox
      </label>
      <label
        __self="[object Object]"
        __source="[object Object]"
        class="msg checkbox checked"
        id="cb3"
        name="cb"
        tabindex="0"
      >
        <span
          __self="[object Object]"
          __source="[object Object]"
          class="checkMark"
        />
        Checked checkbox
      </label>
      <label
        __self="[object Object]"
        __source="[object Object]"
        class="msg checkbox indeterminate disabled"
        id="cb4"
        name="cb"
        tabindex="0"
      >
        <span
          __self="[object Object]"
          __source="[object Object]"
          class="checkMark"
        />
        Disabled checkbox
      </label>
    </div>
  </div>,
  "debug": [Function],
  "findAllByAltText": [Function],
  "findAllByDisplayValue": [Function],
  "findAllByLabelText": [Function],
  "findAllByPlaceholderText": [Function],
  "findAllByRole": [Function],
  "findAllByTestId": [Function],
  "findAllByText": [Function],
  "findAllByTitle": [Function],
  "findByAltText": [Function],
  "findByDisplayValue": [Function],
  "findByLabelText": [Function],
  "findByPlaceholderText": [Function],
  "findByRole": [Function],
  "findByTestId": [Function],
  "findByText": [Function],
  "findByTitle": [Function],
  "getAllByAltText": [Function],
  "getAllByDisplayValue": [Function],
  "getAllByLabelText": [Function],
  "getAllByPlaceholderText": [Function],
  "getAllByRole": [Function],
  "getAllByTestId": [Function],
  "getAllByText": [Function],
  "getAllByTitle": [Function],
  "getByAltText": [Function],
  "getByDisplayValue": [Function],
  "getByLabelText": [Function],
  "getByPlaceholderText": [Function],
  "getByRole": [Function],
  "getByTestId": [Function],
  "getByText": [Function],
  "getByTitle": [Function],
  "queryAllByAltText": [Function],
  "queryAllByDisplayValue": [Function],
  "queryAllByLabelText": [Function],
  "queryAllByPlaceholderText": [Function],
  "queryAllByRole": [Function],
  "queryAllByTestId": [Function],
  "queryAllByText": [Function],
  "queryAllByTitle": [Function],
  "queryByAltText": [Function],
  "queryByDisplayValue": [Function],
  "queryByLabelText": [Function],
  "queryByPlaceholderText": [Function],
  "queryByRole": [Function],
  "queryByTestId": [Function],
  "queryByText": [Function],
  "queryByTitle": [Function],
  "rerender": [Function],
  "unmount": [Function],
}
`;
