// Jest Snapshot v1, https://goo.gl/fbAQLP

exports[`CodeEditor component tests Test CodeEditor output (Snapshot) 1`] = `
Object {
  "asFragment": [Function],
  "baseElement": <body
    theme="dark"
  >
    <div
      class="monaco-aria-container"
    >
      <div
        aria-atomic="true"
        class="monaco-alert"
        role="alert"
      />
      <div
        aria-atomic="true"
        class="monaco-alert"
        role="alert"
      />
      <div
        aria-atomic="true"
        aria-live="polite"
        class="monaco-status"
        role="complementary"
      />
      <div
        aria-atomic="true"
        aria-live="polite"
        class="monaco-status"
        role="complementary"
      />
    </div>
    <div>
      <div
        __self="[object Object]"
        __source="[object Object]"
        class="msg editorHost"
        data-keybinding-context="2"
        data-mode-id="plaintext"
      >
        <div
          class="monaco-editor msg codeEditor decorationSet-standard showUnused showDeprecated vs"
          data-uri="inmemory://model/4"
          role="code"
          style="width: 5px; height: 5px;"
        >
          <div
            class="overflow-guard"
            data-mprt="3"
            style="width: 5px; height: 5px;"
          >
            <div
              aria-hidden="true"
              class="margin"
              role="presentation"
              style="position: absolute; transform: translate3d(0px, 0px, 0px); contain: strict; top: 0px; height: 31px; width: 80px;"
            >
              <div
                class="glyph-margin"
                style="left: 0px; width: 19px; height: 31px;"
              />
              <div
                aria-hidden="true"
                class="margin-view-zones"
                role="presentation"
                style="position: absolute;"
              />
              <div
                aria-hidden="true"
                class="margin-view-overlays"
                role="presentation"
                style="position: absolute; width: 80px; font-family: Consolas, 'Courier New', monospace; font-weight: normal; font-size: 14px; font-feature-settings: \\"liga\\" on, \\"calt\\" on; line-height: 19px; letter-spacing: 0px; height: 31px;"
              >
                <div
                  style="position:absolute;top:0px;width:100%;height:19px;"
                >
                  <div
                    class="current-line current-line-margin-both"
                    style="width:80px; height:19px;"
                  />
                  <div
                    class="active-line-number line-numbers"
                    style="left:19px;width:25px;"
                  >
                    1
                  </div>
                </div>
              </div>
            </div>
            <div
              class="monaco-scrollable-element editor-scrollable vs"
              data-mprt="5"
              role="presentation"
              style="position: absolute; overflow: hidden; left: 80px; width: -75px; height: 5px;"
            >
              <div
                class="lines-content monaco-editor-background"
                style="position: absolute; overflow: hidden; width: 1000000px; height: 1000000px; transform: translate3d(0px, 0px, 0px); contain: strict; top: 0px; left: 0px;"
              >
                <div
                  aria-hidden="true"
                  class="view-overlays"
                  role="presentation"
                  style="position: absolute; height: 0px; width: 26px;"
                >
                  <div
                    style="position:absolute;top:0px;width:100%;height:19px;"
                  >
                    <div
                      class="current-line"
                      style="width:26px; height:19px;"
                    />
                  </div>
                </div>
                <div
                  aria-hidden="true"
                  class="view-rulers"
                  role="presentation"
                />
                <div
                  aria-hidden="true"
                  class="view-zones"
                  role="presentation"
                  style="position: absolute;"
                />
                <div
                  aria-hidden="true"
                  class="view-lines monaco-mouse-cursor-text"
                  data-mprt="7"
                  role="presentation"
                  style="position: absolute; font-family: Consolas, 'Courier New', monospace; font-weight: normal; font-size: 14px; font-feature-settings: \\"liga\\" on, \\"calt\\" on; line-height: 19px; letter-spacing: 0px; width: 26px; height: 19px;"
                >
                  <div
                    class="view-line"
                    style="top:0px;height:19px;"
                  >
                    <span>
                      <span />
                    </span>
                  </div>
                </div>
                <div
                  class="contentWidgets"
                  data-mprt="1"
                  style="position: absolute; top: 0px;"
                />
                <div
                  aria-hidden="true"
                  class="cursors-layer cursor-line-style cursor-solid"
                  role="presentation"
                >
                  <div
                    class="cursor monaco-mouse-cursor-text "
                    style="height: 19px; top: 0px; left: 0px; font-family: Consolas, 'Courier New', monospace; font-weight: normal; font-size: 14px; font-feature-settings: \\"liga\\" on, \\"calt\\" on; line-height: 19px; letter-spacing: 0px; display: block; visibility: hidden; width: 2px;"
                  />
                </div>
              </div>
              <div
                aria-hidden="true"
                class="invisible scrollbar horizontal"
                role="presentation"
                style="position: absolute; width: 0px; height: 12px; left: 0px; bottom: 0px;"
              >
                <div
                  class="slider"
                  style="position: absolute; top: 0px; left: 0px; height: 12px; transform: translate3d(0px, 0px, 0px); contain: strict; width: 20px;"
                />
              </div>
              <canvas
                aria-hidden="true"
                class="decorationsOverviewRuler"
                height="5"
                style="position: absolute; transform: translate3d(0px, 0px, 0px); contain: strict; top: 0px; right: 0px; width: 14px; height: 5px;"
                width="14"
              />
              <div
                aria-hidden="true"
                class="invisible scrollbar vertical"
                role="presentation"
                style="position: absolute; width: 14px; height: 5px; right: 0px; top: 0px;"
              >
                <div
                  class="slider"
                  style="position: absolute; top: 0px; left: 0px; width: 14px; transform: translate3d(0px, 0px, 0px); contain: strict; height: 20px;"
                />
              </div>
            </div>
            <div
              aria-hidden="true"
              role="presentation"
              style="width: -17px;"
            />
            <textarea
              aria-autocomplete="both"
              aria-haspopup="false"
              aria-label="Editor content;Press Alt+F1 for Accessibility Options."
              aria-multiline="true"
              aria-roledescription="editor"
              autocapitalize="off"
              autocomplete="off"
              autocorrect="off"
              class="inputarea monaco-mouse-cursor-text"
              data-mprt="6"
              role="textbox"
              spellcheck="false"
              style="font-family: Consolas, 'Courier New', monospace; font-weight: normal; font-size: 14px; font-feature-settings: \\"liga\\" on, \\"calt\\" on; line-height: 19px; letter-spacing: 0px; top: 0px; left: 0px; width: 1px; height: 1px;"
              tabindex="0"
              wrap="off"
            />
            <div
              class="monaco-editor-background textAreaCover margin"
              style="position: absolute; top: 0px; left: 0px; width: 1px; height: 1px;"
            />
            <div
              class="overlayWidgets"
              data-mprt="4"
              style="width: 5px;"
            >
              <div
                style="position: absolute; top: 0px; right: 50%;"
                widgetid="editor.contrib.quickInputWidget"
              />
            </div>
            <div
              aria-hidden="true"
              class="minimap slider-mouseover"
              data-mprt="8"
              role="presentation"
              style="position: absolute; left: -17px; width: 8px; height: 5px;"
            >
              <div
                class="minimap-shadow-visible"
                style="height: 5px;"
              />
              <canvas
                height="5"
                style="position: absolute; left: 0px; width: 8px; height: 5px;"
                width="8"
              />
              <canvas
                class="minimap-decorations-layer"
                height="5"
                style="position: absolute; left: 0px; width: 8px; height: 5px;"
                width="8"
              />
              <div
                class="minimap-slider"
                style="position: absolute; transform: translate3d(0px, 0px, 0px); contain: strict; width: 8px; display: block; top: 0px; height: 0px;"
              >
                <div
                  class="minimap-slider-horizontal"
                  style="position: absolute; left: 0px; width: 8px; top: 0px; height: 0px;"
                />
              </div>
            </div>
          </div>
          <div
            class="overflowingContentWidgets"
            data-mprt="2"
          />
          <div
            aria-hidden="true"
            class="context-view"
            style="display: none;"
          />
        </div>
      </div>
    </div>
  </body>,
  "container": <div>
    <div
      __self="[object Object]"
      __source="[object Object]"
      class="msg editorHost"
      data-keybinding-context="2"
      data-mode-id="plaintext"
    >
      <div
        class="monaco-editor msg codeEditor decorationSet-standard showUnused showDeprecated vs"
        data-uri="inmemory://model/4"
        role="code"
        style="width: 5px; height: 5px;"
      >
        <div
          class="overflow-guard"
          data-mprt="3"
          style="width: 5px; height: 5px;"
        >
          <div
            aria-hidden="true"
            class="margin"
            role="presentation"
            style="position: absolute; transform: translate3d(0px, 0px, 0px); contain: strict; top: 0px; height: 31px; width: 80px;"
          >
            <div
              class="glyph-margin"
              style="left: 0px; width: 19px; height: 31px;"
            />
            <div
              aria-hidden="true"
              class="margin-view-zones"
              role="presentation"
              style="position: absolute;"
            />
            <div
              aria-hidden="true"
              class="margin-view-overlays"
              role="presentation"
              style="position: absolute; width: 80px; font-family: Consolas, 'Courier New', monospace; font-weight: normal; font-size: 14px; font-feature-settings: \\"liga\\" on, \\"calt\\" on; line-height: 19px; letter-spacing: 0px; height: 31px;"
            >
              <div
                style="position:absolute;top:0px;width:100%;height:19px;"
              >
                <div
                  class="current-line current-line-margin-both"
                  style="width:80px; height:19px;"
                />
                <div
                  class="active-line-number line-numbers"
                  style="left:19px;width:25px;"
                >
                  1
                </div>
              </div>
            </div>
          </div>
          <div
            class="monaco-scrollable-element editor-scrollable vs"
            data-mprt="5"
            role="presentation"
            style="position: absolute; overflow: hidden; left: 80px; width: -75px; height: 5px;"
          >
            <div
              class="lines-content monaco-editor-background"
              style="position: absolute; overflow: hidden; width: 1000000px; height: 1000000px; transform: translate3d(0px, 0px, 0px); contain: strict; top: 0px; left: 0px;"
            >
              <div
                aria-hidden="true"
                class="view-overlays"
                role="presentation"
                style="position: absolute; height: 0px; width: 26px;"
              >
                <div
                  style="position:absolute;top:0px;width:100%;height:19px;"
                >
                  <div
                    class="current-line"
                    style="width:26px; height:19px;"
                  />
                </div>
              </div>
              <div
                aria-hidden="true"
                class="view-rulers"
                role="presentation"
              />
              <div
                aria-hidden="true"
                class="view-zones"
                role="presentation"
                style="position: absolute;"
              />
              <div
                aria-hidden="true"
                class="view-lines monaco-mouse-cursor-text"
                data-mprt="7"
                role="presentation"
                style="position: absolute; font-family: Consolas, 'Courier New', monospace; font-weight: normal; font-size: 14px; font-feature-settings: \\"liga\\" on, \\"calt\\" on; line-height: 19px; letter-spacing: 0px; width: 26px; height: 19px;"
              >
                <div
                  class="view-line"
                  style="top:0px;height:19px;"
                >
                  <span>
                    <span />
                  </span>
                </div>
              </div>
              <div
                class="contentWidgets"
                data-mprt="1"
                style="position: absolute; top: 0px;"
              />
              <div
                aria-hidden="true"
                class="cursors-layer cursor-line-style cursor-solid"
                role="presentation"
              >
                <div
                  class="cursor monaco-mouse-cursor-text "
                  style="height: 19px; top: 0px; left: 0px; font-family: Consolas, 'Courier New', monospace; font-weight: normal; font-size: 14px; font-feature-settings: \\"liga\\" on, \\"calt\\" on; line-height: 19px; letter-spacing: 0px; display: block; visibility: hidden; width: 2px;"
                />
              </div>
            </div>
            <div
              aria-hidden="true"
              class="invisible scrollbar horizontal"
              role="presentation"
              style="position: absolute; width: 0px; height: 12px; left: 0px; bottom: 0px;"
            >
              <div
                class="slider"
                style="position: absolute; top: 0px; left: 0px; height: 12px; transform: translate3d(0px, 0px, 0px); contain: strict; width: 20px;"
              />
            </div>
            <canvas
              aria-hidden="true"
              class="decorationsOverviewRuler"
              height="5"
              style="position: absolute; transform: translate3d(0px, 0px, 0px); contain: strict; top: 0px; right: 0px; width: 14px; height: 5px;"
              width="14"
            />
            <div
              aria-hidden="true"
              class="invisible scrollbar vertical"
              role="presentation"
              style="position: absolute; width: 14px; height: 5px; right: 0px; top: 0px;"
            >
              <div
                class="slider"
                style="position: absolute; top: 0px; left: 0px; width: 14px; transform: translate3d(0px, 0px, 0px); contain: strict; height: 20px;"
              />
            </div>
          </div>
          <div
            aria-hidden="true"
            role="presentation"
            style="width: -17px;"
          />
          <textarea
            aria-autocomplete="both"
            aria-haspopup="false"
            aria-label="Editor content;Press Alt+F1 for Accessibility Options."
            aria-multiline="true"
            aria-roledescription="editor"
            autocapitalize="off"
            autocomplete="off"
            autocorrect="off"
            class="inputarea monaco-mouse-cursor-text"
            data-mprt="6"
            role="textbox"
            spellcheck="false"
            style="font-family: Consolas, 'Courier New', monospace; font-weight: normal; font-size: 14px; font-feature-settings: \\"liga\\" on, \\"calt\\" on; line-height: 19px; letter-spacing: 0px; top: 0px; left: 0px; width: 1px; height: 1px;"
            tabindex="0"
            wrap="off"
          />
          <div
            class="monaco-editor-background textAreaCover margin"
            style="position: absolute; top: 0px; left: 0px; width: 1px; height: 1px;"
          />
          <div
            class="overlayWidgets"
            data-mprt="4"
            style="width: 5px;"
          >
            <div
              style="position: absolute; top: 0px; right: 50%;"
              widgetid="editor.contrib.quickInputWidget"
            />
          </div>
          <div
            aria-hidden="true"
            class="minimap slider-mouseover"
            data-mprt="8"
            role="presentation"
            style="position: absolute; left: -17px; width: 8px; height: 5px;"
          >
            <div
              class="minimap-shadow-visible"
              style="height: 5px;"
            />
            <canvas
              height="5"
              style="position: absolute; left: 0px; width: 8px; height: 5px;"
              width="8"
            />
            <canvas
              class="minimap-decorations-layer"
              height="5"
              style="position: absolute; left: 0px; width: 8px; height: 5px;"
              width="8"
            />
            <div
              class="minimap-slider"
              style="position: absolute; transform: translate3d(0px, 0px, 0px); contain: strict; width: 8px; display: block; top: 0px; height: 0px;"
            >
              <div
                class="minimap-slider-horizontal"
                style="position: absolute; left: 0px; width: 8px; top: 0px; height: 0px;"
              />
            </div>
          </div>
        </div>
        <div
          class="overflowingContentWidgets"
          data-mprt="2"
        />
        <div
          aria-hidden="true"
          class="context-view"
          style="display: none;"
        />
      </div>
    </div>
  </div>,
  "debug": [Function],
  "findAllByAltText": [Function],
  "findAllByDisplayValue": [Function],
  "findAllByLabelText": [Function],
  "findAllByPlaceholderText": [Function],
  "findAllByRole": [Function],
  "findAllByTestId": [Function],
  "findAllByText": [Function],
  "findAllByTitle": [Function],
  "findByAltText": [Function],
  "findByDisplayValue": [Function],
  "findByLabelText": [Function],
  "findByPlaceholderText": [Function],
  "findByRole": [Function],
  "findByTestId": [Function],
  "findByText": [Function],
  "findByTitle": [Function],
  "getAllByAltText": [Function],
  "getAllByDisplayValue": [Function],
  "getAllByLabelText": [Function],
  "getAllByPlaceholderText": [Function],
  "getAllByRole": [Function],
  "getAllByTestId": [Function],
  "getAllByText": [Function],
  "getAllByTitle": [Function],
  "getByAltText": [Function],
  "getByDisplayValue": [Function],
  "getByLabelText": [Function],
  "getByPlaceholderText": [Function],
  "getByRole": [Function],
  "getByTestId": [Function],
  "getByText": [Function],
  "getByTitle": [Function],
  "queryAllByAltText": [Function],
  "queryAllByDisplayValue": [Function],
  "queryAllByLabelText": [Function],
  "queryAllByPlaceholderText": [Function],
  "queryAllByRole": [Function],
  "queryAllByTestId": [Function],
  "queryAllByText": [Function],
  "queryAllByTitle": [Function],
  "queryByAltText": [Function],
  "queryByDisplayValue": [Function],
  "queryByLabelText": [Function],
  "queryByPlaceholderText": [Function],
  "queryByRole": [Function],
  "queryByTestId": [Function],
  "queryByText": [Function],
  "queryByTitle": [Function],
  "rerender": [Function],
  "unmount": [Function],
}
`;
