// Jest Snapshot v1, https://goo.gl/fbAQLP

exports[`Dropdown render testing Test Dropdown output (snapshot) 1`] = `
Object {
  "asFragment": [Function],
  "baseElement": <body
    theme="dark"
  >
    <div>
      <div
        __self="[object Object]"
        __source="[object Object]"
        class="msg container dropdown"
        style="flex-direction: row; align-items: center; max-width: 300px;"
        tabindex="0"
      >
        <label
          __self="[object Object]"
          __source="[object Object]"
          class="msg label ellipsis"
          data-tooltip="expand"
        >
          Tesla
        </label>
      </div>
    </div>
  </body>,
  "container": <div>
    <div
      __self="[object Object]"
      __source="[object Object]"
      class="msg container dropdown"
      style="flex-direction: row; align-items: center; max-width: 300px;"
      tabindex="0"
    >
      <label
        __self="[object Object]"
        __source="[object Object]"
        class="msg label ellipsis"
        data-tooltip="expand"
      >
        Tesla
      </label>
    </div>
  </div>,
  "debug": [Function],
  "findAllByAltText": [Function],
  "findAllByDisplayValue": [Function],
  "findAllByLabelText": [Function],
  "findAllByPlaceholderText": [Function],
  "findAllByRole": [Function],
  "findAllByTestId": [Function],
  "findAllByText": [Function],
  "findAllByTitle": [Function],
  "findByAltText": [Function],
  "findByDisplayValue": [Function],
  "findByLabelText": [Function],
  "findByPlaceholderText": [Function],
  "findByRole": [Function],
  "findByTestId": [Function],
  "findByText": [Function],
  "findByTitle": [Function],
  "getAllByAltText": [Function],
  "getAllByDisplayValue": [Function],
  "getAllByLabelText": [Function],
  "getAllByPlaceholderText": [Function],
  "getAllByRole": [Function],
  "getAllByTestId": [Function],
  "getAllByText": [Function],
  "getAllByTitle": [Function],
  "getByAltText": [Function],
  "getByDisplayValue": [Function],
  "getByLabelText": [Function],
  "getByPlaceholderText": [Function],
  "getByRole": [Function],
  "getByTestId": [Function],
  "getByText": [Function],
  "getByTitle": [Function],
  "queryAllByAltText": [Function],
  "queryAllByDisplayValue": [Function],
  "queryAllByLabelText": [Function],
  "queryAllByPlaceholderText": [Function],
  "queryAllByRole": [Function],
  "queryAllByTestId": [Function],
  "queryAllByText": [Function],
  "queryAllByTitle": [Function],
  "queryByAltText": [Function],
  "queryByDisplayValue": [Function],
  "queryByLabelText": [Function],
  "queryByPlaceholderText": [Function],
  "queryByRole": [Function],
  "queryByTestId": [Function],
  "queryByText": [Function],
  "queryByTitle": [Function],
  "rerender": [Function],
  "unmount": [Function],
}
`;
