// Jest Snapshot v1, https://goo.gl/fbAQLP

exports[`Radiobutton component tests Test Radiobutton output (snapshot) 1`] = `
Object {
  "asFragment": [Function],
  "baseElement": <body
    theme="dark"
  >
    <div>
      <label
        __self="[object Object]"
        __source="[object Object]"
        class="msg radioButton disabled"
        for="rb4"
        id="rb4"
        tabindex="0"
      >
        <input
          __self="[object Object]"
          __source="[object Object]"
          name="rbx"
          readonly=""
          tabindex="-1"
          type="radio"
        />
        <span
          __self="[object Object]"
          __source="[object Object]"
          class="checkMark"
        />
        Disabled radio button
      </label>
    </div>
  </body>,
  "container": <div>
    <label
      __self="[object Object]"
      __source="[object Object]"
      class="msg radioButton disabled"
      for="rb4"
      id="rb4"
      tabindex="0"
    >
      <input
        __self="[object Object]"
        __source="[object Object]"
        name="rbx"
        readonly=""
        tabindex="-1"
        type="radio"
      />
      <span
        __self="[object Object]"
        __source="[object Object]"
        class="checkMark"
      />
      Disabled radio button
    </label>
  </div>,
  "debug": [Function],
  "findAllByAltText": [Function],
  "findAllByDisplayValue": [Function],
  "findAllByLabelText": [Function],
  "findAllByPlaceholderText": [Function],
  "findAllByRole": [Function],
  "findAllByTestId": [Function],
  "findAllByText": [Function],
  "findAllByTitle": [Function],
  "findByAltText": [Function],
  "findByDisplayValue": [Function],
  "findByLabelText": [Function],
  "findByPlaceholderText": [Function],
  "findByRole": [Function],
  "findByTestId": [Function],
  "findByText": [Function],
  "findByTitle": [Function],
  "getAllByAltText": [Function],
  "getAllByDisplayValue": [Function],
  "getAllByLabelText": [Function],
  "getAllByPlaceholderText": [Function],
  "getAllByRole": [Function],
  "getAllByTestId": [Function],
  "getAllByText": [Function],
  "getAllByTitle": [Function],
  "getByAltText": [Function],
  "getByDisplayValue": [Function],
  "getByLabelText": [Function],
  "getByPlaceholderText": [Function],
  "getByRole": [Function],
  "getByTestId": [Function],
  "getByText": [Function],
  "getByTitle": [Function],
  "queryAllByAltText": [Function],
  "queryAllByDisplayValue": [Function],
  "queryAllByLabelText": [Function],
  "queryAllByPlaceholderText": [Function],
  "queryAllByRole": [Function],
  "queryAllByTestId": [Function],
  "queryAllByText": [Function],
  "queryAllByTitle": [Function],
  "queryByAltText": [Function],
  "queryByDisplayValue": [Function],
  "queryByLabelText": [Function],
  "queryByPlaceholderText": [Function],
  "queryByRole": [Function],
  "queryByTestId": [Function],
  "queryByText": [Function],
  "queryByTitle": [Function],
  "rerender": [Function],
  "unmount": [Function],
}
`;
