// Jest Snapshot v1, https://goo.gl/fbAQLP

exports[`Selector component tests Test Selector output (snapshot) 1`] = `
Object {
  "asFragment": [Function],
  "baseElement": <body
    theme="dark"
  >
    <div>
      <div
        __self="[object Object]"
        __source="[object Object]"
        class="msg container fixedScrollbar selector vertical smoothScroll"
        id="selector1"
        style="flex-direction: column;"
      >
        <div
          __self="[object Object]"
          __source="[object Object]"
          class="msg container fixedScrollbar selectorItem stepDown"
          id="selector1ItemstepDown"
          style="flex-direction: row; justify-content: center; align-items: center; display: none;"
        />
        <div
          __self="[object Object]"
          __source="[object Object]"
          class="msg container fixedScrollbar selectorItem normal"
          id="selector1Item0"
          style="flex-direction: column; justify-content: center; align-items: center;"
        >
          <div
            __self="[object Object]"
            __source="[object Object]"
            class="msg icon"
            data-tooltip="inherit"
            style="mask-image: url(connections.svg);"
          />
          <label
            __self="[object Object]"
            __source="[object Object]"
            class="msg label"
            data-tooltip="inherit"
          >
            1
          </label>
        </div>
        <div
          __self="[object Object]"
          __source="[object Object]"
          class="msg container fixedScrollbar selectorItem normal"
          id="selector1Item1"
          style="flex-direction: column; justify-content: center; align-items: center;"
        >
          <div
            __self="[object Object]"
            __source="[object Object]"
            class="msg icon"
            data-tooltip="inherit"
            style="mask-image: url(connections.svg);"
          />
          <label
            __self="[object Object]"
            __source="[object Object]"
            class="msg label"
            data-tooltip="inherit"
          >
            2
          </label>
        </div>
        <div
          __self="[object Object]"
          __source="[object Object]"
          class="msg container fixedScrollbar selectorItem normal"
          id="selector1Item2"
          style="flex-direction: column; justify-content: center; align-items: center;"
        >
          <div
            __self="[object Object]"
            __source="[object Object]"
            class="msg icon"
            data-tooltip="inherit"
            style="mask-image: url(connections.svg);"
          />
          <label
            __self="[object Object]"
            __source="[object Object]"
            class="msg label"
            data-tooltip="inherit"
          >
            3
          </label>
        </div>
        <div
          __self="[object Object]"
          __source="[object Object]"
          class="msg container fixedScrollbar selectorItem normal"
          id="selector1Item3"
          style="flex-direction: column; justify-content: center; align-items: center;"
        >
          <div
            __self="[object Object]"
            __source="[object Object]"
            class="msg icon"
            data-tooltip="inherit"
            style="mask-image: url(connections.svg);"
          />
          <label
            __self="[object Object]"
            __source="[object Object]"
            class="msg label"
            data-tooltip="inherit"
          >
            4
          </label>
        </div>
        <div
          __self="[object Object]"
          __source="[object Object]"
          class="msg container fixedScrollbar selectorItem normal"
          id="selector1Item4"
          style="flex-direction: column; justify-content: center; align-items: center;"
        >
          <div
            __self="[object Object]"
            __source="[object Object]"
            class="msg icon"
            data-tooltip="inherit"
            style="mask-image: url(connections.svg);"
          />
          <label
            __self="[object Object]"
            __source="[object Object]"
            class="msg label"
            data-tooltip="inherit"
          >
            5
          </label>
        </div>
        <div
          __self="[object Object]"
          __source="[object Object]"
          class="msg container fixedScrollbar selectorItem normal"
          id="selector1Item5"
          style="flex-direction: column; justify-content: center; align-items: center;"
        >
          <div
            __self="[object Object]"
            __source="[object Object]"
            class="msg icon"
            data-tooltip="inherit"
            style="mask-image: url(connections.svg);"
          />
          <label
            __self="[object Object]"
            __source="[object Object]"
            class="msg label"
            data-tooltip="inherit"
          >
            6
          </label>
        </div>
        <div
          __self="[object Object]"
          __source="[object Object]"
          class="msg container fixedScrollbar selectorItem normal"
          id="selector1Item6"
          style="flex-direction: column; justify-content: center; align-items: center;"
        >
          <div
            __self="[object Object]"
            __source="[object Object]"
            class="msg icon"
            data-tooltip="inherit"
            style="mask-image: url(connections.svg);"
          />
          <label
            __self="[object Object]"
            __source="[object Object]"
            class="msg label"
            data-tooltip="inherit"
          >
            7
          </label>
        </div>
        <div
          __self="[object Object]"
          __source="[object Object]"
          class="msg container fixedScrollbar selectorItem normal"
          id="selector1Item7"
          style="flex-direction: column; justify-content: center; align-items: center;"
        >
          <div
            __self="[object Object]"
            __source="[object Object]"
            class="msg icon"
            data-tooltip="inherit"
            style="mask-image: url(connections.svg);"
          />
          <label
            __self="[object Object]"
            __source="[object Object]"
            class="msg label"
            data-tooltip="inherit"
          >
            8
          </label>
        </div>
        <div
          __self="[object Object]"
          __source="[object Object]"
          class="msg container fixedScrollbar selectorItem normal"
          id="selector1Item8"
          style="flex-direction: column; justify-content: center; align-items: center;"
        >
          <div
            __self="[object Object]"
            __source="[object Object]"
            class="msg icon"
            data-tooltip="inherit"
            style="mask-image: url(connections.svg);"
          />
          <label
            __self="[object Object]"
            __source="[object Object]"
            class="msg label"
            data-tooltip="inherit"
          >
            9
          </label>
        </div>
        <div
          __self="[object Object]"
          __source="[object Object]"
          class="msg container fixedScrollbar selectorItem normal"
          id="selector1Item9"
          style="flex-direction: column; justify-content: center; align-items: center;"
        >
          <div
            __self="[object Object]"
            __source="[object Object]"
            class="msg icon"
            data-tooltip="inherit"
            style="mask-image: url(connections.svg);"
          />
          <label
            __self="[object Object]"
            __source="[object Object]"
            class="msg label"
            data-tooltip="inherit"
          >
            10
          </label>
        </div>
        <div
          __self="[object Object]"
          __source="[object Object]"
          class="msg container fixedScrollbar selectorItem stepUp"
          id="selector1ItemstepUp"
          style="flex-direction: row; justify-content: center; align-items: center; display: none;"
        />
      </div>
    </div>
  </body>,
  "container": <div>
    <div
      __self="[object Object]"
      __source="[object Object]"
      class="msg container fixedScrollbar selector vertical smoothScroll"
      id="selector1"
      style="flex-direction: column;"
    >
      <div
        __self="[object Object]"
        __source="[object Object]"
        class="msg container fixedScrollbar selectorItem stepDown"
        id="selector1ItemstepDown"
        style="flex-direction: row; justify-content: center; align-items: center; display: none;"
      />
      <div
        __self="[object Object]"
        __source="[object Object]"
        class="msg container fixedScrollbar selectorItem normal"
        id="selector1Item0"
        style="flex-direction: column; justify-content: center; align-items: center;"
      >
        <div
          __self="[object Object]"
          __source="[object Object]"
          class="msg icon"
          data-tooltip="inherit"
          style="mask-image: url(connections.svg);"
        />
        <label
          __self="[object Object]"
          __source="[object Object]"
          class="msg label"
          data-tooltip="inherit"
        >
          1
        </label>
      </div>
      <div
        __self="[object Object]"
        __source="[object Object]"
        class="msg container fixedScrollbar selectorItem normal"
        id="selector1Item1"
        style="flex-direction: column; justify-content: center; align-items: center;"
      >
        <div
          __self="[object Object]"
          __source="[object Object]"
          class="msg icon"
          data-tooltip="inherit"
          style="mask-image: url(connections.svg);"
        />
        <label
          __self="[object Object]"
          __source="[object Object]"
          class="msg label"
          data-tooltip="inherit"
        >
          2
        </label>
      </div>
      <div
        __self="[object Object]"
        __source="[object Object]"
        class="msg container fixedScrollbar selectorItem normal"
        id="selector1Item2"
        style="flex-direction: column; justify-content: center; align-items: center;"
      >
        <div
          __self="[object Object]"
          __source="[object Object]"
          class="msg icon"
          data-tooltip="inherit"
          style="mask-image: url(connections.svg);"
        />
        <label
          __self="[object Object]"
          __source="[object Object]"
          class="msg label"
          data-tooltip="inherit"
        >
          3
        </label>
      </div>
      <div
        __self="[object Object]"
        __source="[object Object]"
        class="msg container fixedScrollbar selectorItem normal"
        id="selector1Item3"
        style="flex-direction: column; justify-content: center; align-items: center;"
      >
        <div
          __self="[object Object]"
          __source="[object Object]"
          class="msg icon"
          data-tooltip="inherit"
          style="mask-image: url(connections.svg);"
        />
        <label
          __self="[object Object]"
          __source="[object Object]"
          class="msg label"
          data-tooltip="inherit"
        >
          4
        </label>
      </div>
      <div
        __self="[object Object]"
        __source="[object Object]"
        class="msg container fixedScrollbar selectorItem normal"
        id="selector1Item4"
        style="flex-direction: column; justify-content: center; align-items: center;"
      >
        <div
          __self="[object Object]"
          __source="[object Object]"
          class="msg icon"
          data-tooltip="inherit"
          style="mask-image: url(connections.svg);"
        />
        <label
          __self="[object Object]"
          __source="[object Object]"
          class="msg label"
          data-tooltip="inherit"
        >
          5
        </label>
      </div>
      <div
        __self="[object Object]"
        __source="[object Object]"
        class="msg container fixedScrollbar selectorItem normal"
        id="selector1Item5"
        style="flex-direction: column; justify-content: center; align-items: center;"
      >
        <div
          __self="[object Object]"
          __source="[object Object]"
          class="msg icon"
          data-tooltip="inherit"
          style="mask-image: url(connections.svg);"
        />
        <label
          __self="[object Object]"
          __source="[object Object]"
          class="msg label"
          data-tooltip="inherit"
        >
          6
        </label>
      </div>
      <div
        __self="[object Object]"
        __source="[object Object]"
        class="msg container fixedScrollbar selectorItem normal"
        id="selector1Item6"
        style="flex-direction: column; justify-content: center; align-items: center;"
      >
        <div
          __self="[object Object]"
          __source="[object Object]"
          class="msg icon"
          data-tooltip="inherit"
          style="mask-image: url(connections.svg);"
        />
        <label
          __self="[object Object]"
          __source="[object Object]"
          class="msg label"
          data-tooltip="inherit"
        >
          7
        </label>
      </div>
      <div
        __self="[object Object]"
        __source="[object Object]"
        class="msg container fixedScrollbar selectorItem normal"
        id="selector1Item7"
        style="flex-direction: column; justify-content: center; align-items: center;"
      >
        <div
          __self="[object Object]"
          __source="[object Object]"
          class="msg icon"
          data-tooltip="inherit"
          style="mask-image: url(connections.svg);"
        />
        <label
          __self="[object Object]"
          __source="[object Object]"
          class="msg label"
          data-tooltip="inherit"
        >
          8
        </label>
      </div>
      <div
        __self="[object Object]"
        __source="[object Object]"
        class="msg container fixedScrollbar selectorItem normal"
        id="selector1Item8"
        style="flex-direction: column; justify-content: center; align-items: center;"
      >
        <div
          __self="[object Object]"
          __source="[object Object]"
          class="msg icon"
          data-tooltip="inherit"
          style="mask-image: url(connections.svg);"
        />
        <label
          __self="[object Object]"
          __source="[object Object]"
          class="msg label"
          data-tooltip="inherit"
        >
          9
        </label>
      </div>
      <div
        __self="[object Object]"
        __source="[object Object]"
        class="msg container fixedScrollbar selectorItem normal"
        id="selector1Item9"
        style="flex-direction: column; justify-content: center; align-items: center;"
      >
        <div
          __self="[object Object]"
          __source="[object Object]"
          class="msg icon"
          data-tooltip="inherit"
          style="mask-image: url(connections.svg);"
        />
        <label
          __self="[object Object]"
          __source="[object Object]"
          class="msg label"
          data-tooltip="inherit"
        >
          10
        </label>
      </div>
      <div
        __self="[object Object]"
        __source="[object Object]"
        class="msg container fixedScrollbar selectorItem stepUp"
        id="selector1ItemstepUp"
        style="flex-direction: row; justify-content: center; align-items: center; display: none;"
      />
    </div>
  </div>,
  "debug": [Function],
  "findAllByAltText": [Function],
  "findAllByDisplayValue": [Function],
  "findAllByLabelText": [Function],
  "findAllByPlaceholderText": [Function],
  "findAllByRole": [Function],
  "findAllByTestId": [Function],
  "findAllByText": [Function],
  "findAllByTitle": [Function],
  "findByAltText": [Function],
  "findByDisplayValue": [Function],
  "findByLabelText": [Function],
  "findByPlaceholderText": [Function],
  "findByRole": [Function],
  "findByTestId": [Function],
  "findByText": [Function],
  "findByTitle": [Function],
  "getAllByAltText": [Function],
  "getAllByDisplayValue": [Function],
  "getAllByLabelText": [Function],
  "getAllByPlaceholderText": [Function],
  "getAllByRole": [Function],
  "getAllByTestId": [Function],
  "getAllByText": [Function],
  "getAllByTitle": [Function],
  "getByAltText": [Function],
  "getByDisplayValue": [Function],
  "getByLabelText": [Function],
  "getByPlaceholderText": [Function],
  "getByRole": [Function],
  "getByTestId": [Function],
  "getByText": [Function],
  "getByTitle": [Function],
  "queryAllByAltText": [Function],
  "queryAllByDisplayValue": [Function],
  "queryAllByLabelText": [Function],
  "queryAllByPlaceholderText": [Function],
  "queryAllByRole": [Function],
  "queryAllByTestId": [Function],
  "queryAllByText": [Function],
  "queryAllByTitle": [Function],
  "queryByAltText": [Function],
  "queryByDisplayValue": [Function],
  "queryByLabelText": [Function],
  "queryByPlaceholderText": [Function],
  "queryByRole": [Function],
  "queryByTestId": [Function],
  "queryByText": [Function],
  "queryByTitle": [Function],
  "rerender": [Function],
  "unmount": [Function],
}
`;
